// Jest Snapshot v1, https://goo.gl/fbAQLP

exports[`IntegrationCode component render 1`] = `
<PanelBody>
  <Sections>
    <h3>
      <FormattedMessage
        id="fragments.integration.integration-code.title"
        values={Object {}}
      />
    </h3>
    <Items
      smallGap={true}
    >
      <Button
        buttonStyle="primary"
        size="small"
      >
        <FormattedMessage
          id="fragments.integration.integration-code.javascript"
          values={Object {}}
        />
      </Button>
      <Button
        buttonStyle="default"
        disabled={true}
        size="small"
      >
        <FormattedMessage
          id="fragments.integration.integration-code.react"
          values={Object {}}
        />
      </Button>
      <Button
        buttonStyle="default"
        disabled={true}
        size="small"
      >
        <FormattedMessage
          id="fragments.integration.integration-code.angular"
          values={Object {}}
        />
      </Button>
    </Items>
    <SyntaxHighlighter
      code="hello"
      language="html"
    />
  </Sections>
</PanelBody>
`;
